defaults security=allowlist ask=on-miss
agent:main security=allowlist ask=on-miss
plugins.load.paths=/home/node/plugins/build-guard
plugins.allow=active-memory,build-guard,memory-wiki,slack
agent-tools:main profile=None allow=apply_patch,create_goal,edit,exec,get_goal,linear__list_issues,linear__list_projects,linear__list_teams,memory_get,memory_search,process,read,session_status,sessions_history,sessions_list,sessions_send,sessions_spawn,sessions_yield,skill_workshop,subagents,update_goal,update_plan,write deny=code_execution,cron,web_fetch,web_search,x_search workspaceOnly=None
agent-model:main None
tools.profile=coding
tools.web.search.enabled=False
mcp.servers=linear
guard sha256=670b6cb9225881eb0e3c72ce5e166c6533a82da9563cb7257a7c6c46215d768e
